== s01_kernels
coach {'n_measured': 8, 'seats_measured': ['1D', '5C', '6B', '9C', '11B', '11C', '13A', '13D'], 'measured': [0.7, 0.76, 0.82, 0.92, 0.99, 1.03, 0.72, 1.0], 'D_hat': 1258.9254117941675, 'boot': {'q05': 707.945784384138, 'q50': 1122.018454301963, 'q95': 100000.0, 'frac_at_upper_edge': 0.055, 'frac_at_lower_edge': 0.0}, 'sigma_log_meas_vs_cfd': 0.3668013098063905, 'mean_log_meas_vs_cfd': 0.16898164806551885, 'D_hat_cfd_S4A': 630.957344480193, 's4_mean_rear': 0.556842105263158, 's4_mean_front': 0.4196153846153846, 'measured_rear_mean': 0.932, 'measured_front_mean': 0.7599999999999999}
minibus {'sigma_log_meas_vs_cfd': 0.42068734122122137, 'n': 11, 'sigma_log_passenger_seats': 0.28340964559575216}
cabin zeros kept {'5L': (707.945784384138, 30), '5A': (112.2018454301963, 25)} geomean 281.8382931264453 {'5L': (1, 1.81), '5A-mirrored': (1, 3.86)}
cabin zeros missing {'5L': (891.2509381337459, 30), '5A': (177.82794100389228, 25)} geomean 398.10717055349727 {'5L': (1, 1.81), '5A-mirrored': (4, 1.49)}
train B_middle 891.2509381337459 {'q05': 707.945784384138, 'q50': 891.2509381337459, 'q95': 1258.9254117941675, 'frac_at_upper_edge': 0.0, 'frac_at_lower_edge': 0.0} ell 8.28 n 37
train A_end 354.8133892335753 {'q05': 177.82794100389228, 'q50': 354.8133892335753, 'q95': 562.341325190349, 'frac_at_upper_edge': 0.0, 'frac_at_lower_edge': 0.0} ell 5.22 n 23
train curve check B_middle 501.18723362727246
train curve check A_end 707.945784384138
C1 classroom V 429 D range m2/h 76.8 372.6
O1 call centre (pitch 1.3 m) V 1150 D range m2/h 91.1 376.5
== done s01_kernels 1.0 s
== s02_predict
T2 done 0.3
T1 done 0.6
T5 done 0.6
C1 done 0.8
T4 P 1.2
T4 KB_end_release 1.5
T4 done 1.5
O1 10 9.4
O1 20 16.7
O1 30 22.8
O1 40 29.1
O1 50 35.2
O1 60 41.4
all done 41.4
T2 19 26 7 {'M0': 1.0, 'CRR2': 2.03, 'CRR3': 3.08, 'P': 1.29, 'KA_nonoise': 1.3, 'P_lin': 1.33, 'KA_nonoise_lin': 1.34, 'P_gam': 1.25, 'KA_nonoise_gam': 1.27, 'KB_measD': 1.17, 'KB_cfdD': 1.31, 'KA_measured_points': 1.2, 'M2cal_mode': 10.69}
T2_side 24 20 7 {'M0': 1.0, 'CRR2': 2.03, 'CRR3': 3.07, 'P': 1.15, 'KA_nonoise': 1.15, 'KB_measD': 1.0}
T1 33 34 23 {'M0': 1.0, 'CRR2': 2.02, 'CRR3': 3.06, 'P': 1.03, 'P_lin': 1.04, 'P_gam': 1.03, 'KB_cfdD': 1.05, 'M2cal_mode': 2.18}
T5 12 8 12 {'M0': 1.0, 'CRR2': 2.09, 'CRR3': 3.27, 'P': 1.66, 'P_lin': 1.89, 'P_gam': 1.48, 'KA_5L': 1.12, 'KA_5A-mirrored': 2.67, 'KA_zeros_missing': 1.21, 'KB_measD': 1.62, 'KB_measD_oldvent': 1.4, 'M2cal_mode': 3.02}
T5_no2A 12 7 12 {'M0': 1.0, 'CRR2': 2.1, 'CRR3': 3.3, 'P': 1.61}
C1 10 14 12 {'M0': 1.0, 'CRR2': 2.06, 'CRR3': 3.15, 'P': 1.77, 'P_lin': 2.28, 'P_gam': 1.51, 'KB_Dx2': 1.43, 'KB_Dhalf': 2.29, 'M2cal_mode': 6.44}
R1 16 63 2 {'M0': 1.0, 'CRR2': 2.02, 'CRR3': 3.06, 'P': 1.81, 'P_lin': 1.82, 'P_gam': 1.79, 'KA_cfd_aerosol_exposure': 5.6}
O1 quantiles {'P': [-1.3587192101535435, -1.041318239223781, 0.7846774856805108, 2.99248110615674, 3.485329795657747], 'M0': [-1.8758443145365662, -1.6089342710294376, -0.03454961947534613, 1.6760606990986688, 1.9818920510065992], 'KB_Dx2': [-1.5596618902637325, -1.284711693527811, 0.45140950519342854, 2.389167269833195, 2.7808672499128435], 'KB_Dhalf': [-1.0071696155084755, -0.6429546883624438, 1.3869635750976375, 3.965260857288836, 4.617058234197382]}
== done s02_predict 41.4 s
== s03_power
# Addendum: power of the decision rule (computed before unblinding)

Written 2026-10-01 10:23:51 BST by `src/s03_power.py` from `results/02_predictions.json` (kernels from physics data,
strata sizes and event totals). No stratum outcome was read. Exact enumeration over the joint distribution
of the five stratum events (57024 outcomes); T4 by 2,000 simulated tables per truth; O1 from the simulated
join-count distributions.

## Probability of each outcome of the decision rule

| Truth | S1 | S2 | S3 | S4 (one failure) | S5 (two or more) | no failure among 5 stratum events | D2 (stratum part) | D3 | T4 adequate | T4 score above M0 | O1 adequate |
|---|---|---|---|---|---|---|---|---|---|---|---|
| P | 0.213 | 0.117 | 0.453 | 0.196 | 0.021 | 0.865 | 0.612 | 0.705 | 0.953 | 0.674 | 0.950 |
| M0 | 0.009 | 0.004 | 0.488 | 0.401 | 0.099 | 0.581 | 0.050 | 0.905 | 0.937 | 0.303 | 0.919 |
| CRR2 | 0.017 | 0.204 | 0.112 | 0.455 | 0.211 | 0.464 | 0.875 | 0.050 | 0.782 | 0.802 | 0.919 |
| CRR3 | 0.000 | 0.022 | 0.002 | 0.204 | 0.773 | 0.100 | 0.998 | 0.001 | 0.254 | 0.965 | 0.919 |

Reading: row P is the probability that the physics kernel earns each outcome if it is true; rows M0, CRR2,
CRR3 are the probabilities that it earns them when the truth is well mixed or a constant near/far risk ratio
of 2 or 3 (for these truths O1 is generated under M0 and T4 with near = same row).

Critical values of the pooled log-score difference (95th percentile under the competitor): M0: +1.17, CRR2: +1.16, CRR3: -0.96.

## Which events can discriminate

Probability that the model in the column is rejected by the two-sided 5% test when the model in the row is true.

| Event | Truth | reject P | reject M0 | reject CRR2 | reject CRR3 |
|---|---|---|---|---|---|
| T2 | P | 0.044 | 0.044 | 0.060 | 0.232 |
| T2 | M0 | 0.031 | 0.031 | 0.112 | 0.359 |
| T2 | CRR2 | 0.135 | 0.135 | 0.031 | 0.080 |
| T2 | CRR3 | 0.295 | 0.295 | 0.064 | 0.023 |
| T1 | P | 0.044 | 0.044 | 0.503 | 0.846 |
| T1 | M0 | 0.039 | 0.039 | 0.535 | 0.868 |
| T1 | CRR2 | 0.450 | 0.450 | 0.033 | 0.176 |
| T1 | CRR3 | 0.836 | 0.836 | 0.091 | 0.043 |
| T5 | P | 0.010 | 0.285 | 0.070 | 0.252 |
| T5 | M0 | 0.054 | 0.019 | 0.260 | 0.612 |
| T5 | CRR2 | 0.004 | 0.356 | 0.010 | 0.064 |
| T5 | CRR3 | 0.032 | 0.708 | 0.033 | 0.039 |
| C1 | P | 0.044 | 0.262 | 0.044 | 0.426 |
| C1 | M0 | 0.340 | 0.036 | 0.340 | 0.893 |
| C1 | CRR2 | 0.022 | 0.388 | 0.022 | 0.275 |
| C1 | CRR3 | 0.104 | 0.803 | 0.104 | 0.039 |
| R1 | P | 0.000 | 0.095 | 0.000 | 0.000 |
| R1 | M0 | 0.000 | 0.039 | 0.000 | 0.000 |
| R1 | CRR2 | 0.000 | 0.111 | 0.000 | 0.000 |
| R1 | CRR3 | 0.000 | 0.186 | 0.000 | 0.000 |
== done s03_power 0.1 s
== s04_evaluate
research/bsc_validation2/a3_tracer_physics/src/s04_evaluate.py:64: RuntimeWarning: divide by zero encountered in log
  ll = sum(np.log(A.crr_pmf(pred[e]["n_near"], pred[e]["n_far"], pred[e]["K"], rho)[obs[e]]) for e in EV)

T2: observed 3/19 vs 4/26  RR_obs 1.03
   M0                         RR_exp 1.00  E[near] 2.96  95% [1, 5]  p 1.0000  logscore -1.142
   CRR2                       RR_exp 2.03  E[near] 4.18  95% [2, 6]  p 0.4134  logscore -1.613
   CRR3                       RR_exp 3.08  E[near] 4.85  95% [3, 7]  p 0.1802  logscore -2.340
   P                          RR_exp 1.29  E[near] 3.39  95% [1, 6]  p 1.0000  logscore -1.189
   KA_nonoise                 RR_exp 1.30  E[near] 3.41  95% [1, 6]  p 1.0000  logscore -1.194
   P_lin                      RR_exp 1.33  E[near] 3.45  95% [1, 6]  p 1.0000  logscore -1.204
   KA_nonoise_lin             RR_exp 1.34  E[near] 3.46  95% [1, 6]  p 1.0000  logscore -1.208
   P_gam                      RR_exp 1.25  E[near] 3.35  95% [1, 6]  p 1.0000  logscore -1.179
   KA_nonoise_gam             RR_exp 1.27  E[near] 3.36  95% [1, 6]  p 1.0000  logscore -1.183
   KB_measD                   RR_exp 1.17  E[near] 3.23  95% [1, 6]  p 1.0000  logscore -1.167
   KB_cfdD                    RR_exp 1.31  E[near] 3.43  95% [1, 6]  p 1.0000  logscore -1.204
   KA_measured_points         RR_exp 1.20  E[near] 3.27  95% [1, 6]  p 1.0000  logscore -1.164
   M2cal_mode                 RR_exp 10.69  E[near] 6.21  95% [4, 7]  p 0.0029  logscore -5.888

T1: observed 14/33 vs 9/34  RR_obs 1.60
   M0                         RR_exp 1.00  E[near] 11.33  95% [8, 15]  p 0.2041  logscore -2.514
   CRR2                       RR_exp 2.02  E[near] 15.24  95% [12, 19]  p 0.5933  logscore -1.791
   CRR3                       RR_exp 3.06  E[near] 17.20  95% [14, 20]  p 0.0876  logscore -3.118
   P                          RR_exp 1.03  E[near] 11.51  95% [8, 15]  p 0.2165  logscore -2.420
   P_lin                      RR_exp 1.04  E[near] 11.56  95% [8, 16]  p 0.3087  logscore -2.398
   P_gam                      RR_exp 1.03  E[near] 11.48  95% [8, 15]  p 0.2147  logscore -2.434
   KB_cfdD                    RR_exp 1.05  E[near] 11.60  95% [8, 15]  p 0.3042  logscore -2.337
   M2cal_mode                 RR_exp 2.18  E[near] 15.63  95% [12, 19]  p 0.4374  logscore -1.959

T5: observed 11/12 vs 1/8  RR_obs 7.33
   M0                         RR_exp 1.00  E[near] 7.20  95% [5, 9]  p 0.0008  logscore -7.179
   CRR2                       RR_exp 2.09  E[near] 9.10  95% [7, 11]  p 0.1368  logscore -2.621
   CRR3                       RR_exp 3.27  E[near] 9.97  95% [8, 12]  p 0.5836  logscore -1.349
   P                          RR_exp 1.66  E[near] 8.56  95% [6, 11]  p 0.1359  logscore -2.718
   P_lin                      RR_exp 1.89  E[near] 8.87  95% [6, 11]  p 0.1853  logscore -1.982
   P_gam                      RR_exp 1.48  E[near] 8.28  95% [6, 11]  p 0.0496  logscore -3.429
   KA_5L                      RR_exp 1.12  E[near] 7.52  95% [6, 9]  p 0.0007  logscore -7.841
   KA_5A-mirrored             RR_exp 2.67  E[near] 9.61  95% [8, 11]  p 0.2290  logscore -2.027
   KA_zeros_missing           RR_exp 1.21  E[near] 7.74  95% [6, 10]  p 0.0028  logscore -5.990
   KB_measD                   RR_exp 1.62  E[near] 8.51  95% [6, 11]  p 0.0448  logscore -3.298
   KB_measD_oldvent           RR_exp 1.40  E[near] 8.12  95% [6, 10]  p 0.0293  logscore -4.140
   M2cal_mode                 RR_exp 3.02  E[near] 9.83  95% [8, 11]  p 0.2905  logscore -1.559
   KA_5G_posthoc              RR_exp nan  E[near] 8.13  95% [6, 10]  p 0.0065  logscore -5.537

C1: observed 8/10 vs 4/14  RR_obs 2.80
   M0                         RR_exp 1.00  E[near] 5.00  95% [3, 7]  p 0.0361  logscore -4.095
   CRR2                       RR_exp 2.06  E[near] 7.15  95% [5, 9]  p 0.6629  logscore -1.280
   CRR3                       RR_exp 3.15  E[near] 8.31  95% [6, 10]  p 1.0000  logscore -1.035
   P                          RR_exp 1.77  E[near] 6.70  95% [4, 9]  p 0.4240  logscore -1.625
   P_lin                      RR_exp 2.28  E[near] 7.43  95% [5, 10]  p 1.0000  logscore -1.171
   P_gam                      RR_exp 1.51  E[near] 6.23  95% [4, 9]  p 0.2275  logscore -2.106
   KB_Dx2                     RR_exp 1.43  E[near] 6.07  95% [4, 8]  p 0.2227  logscore -2.292
   KB_Dhalf                   RR_exp 2.29  E[near] 7.45  95% [5, 10]  p 1.0000  logscore -1.155
   M2cal_mode                 RR_exp 6.44  E[near] 9.86  95% [9, 10]  p 0.0009  logscore -7.008

R1: observed 2/16 vs 0/63  RR_obs 19.24
   M0                         RR_exp 1.00  E[near] 0.41  95% [0, 2]  p 0.0389  logscore -3.246
   CRR2                       RR_exp 2.02  E[near] 0.68  95% [0, 2]  p 0.1110  logscore -2.198
   CRR3                       RR_exp 3.06  E[near] 0.87  95% [0, 2]  p 0.1860  logscore -1.682
   P                          RR_exp 1.81  E[near] 0.63  95% [0, 2]  p 0.0952  logscore -2.352
   P_lin                      RR_exp 1.82  E[near] 0.63  95% [0, 2]  p 0.0964  logscore -2.340
   P_gam                      RR_exp 1.79  E[near] 0.63  95% [0, 2]  p 0.0940  logscore -2.364
   KA_cfd_aerosol_exposure    RR_exp 5.60  E[near] 1.17  95% [0, 2]  p 0.5033  logscore -1.082

T2_side: observed 6/24 vs 1/20  RR_obs 5.00
   M0                         RR_exp 1.00  E[near] 3.82  95% [1, 6]  p 0.1056  logscore -2.656
   CRR2                       RR_exp 2.03  E[near] 4.96  95% [3, 7]  p 0.6580  logscore -1.357
   CRR3                       RR_exp 3.07  E[near] 5.51  95% [3, 7]  p 1.0000  logscore -1.006
   P                          RR_exp 1.15  E[near] 4.06  95% [2, 6]  p 0.2085  logscore -2.324
   KA_nonoise                 RR_exp 1.15  E[near] 4.06  95% [2, 6]  p 0.2092  logscore -2.327
   KB_measD                   RR_exp 1.00  E[near] 3.82  95% [1, 6]  p 0.1052  logscore -2.657

T5_no2A: observed 11/12 vs 1/7  RR_obs 6.42
   M0                         RR_exp 1.00  E[near] 7.58  95% [6, 10]  p 0.0017  logscore -6.397
   CRR2                       RR_exp 2.10  E[near] 9.39  95% [7, 11]  p 0.1497  logscore -2.169
   CRR3                       RR_exp 3.30  E[near] 10.20  95% [8, 12]  p 0.5879  logscore -1.103
   P                          RR_exp 1.61  E[near] 8.81  95% [6, 11]  p 0.1077  logscore -2.565

R1 by K: {'2': {'M0': 0.0389, 'CRR2': 0.111, 'CRR3': 0.186, 'P': 0.0952, 'P_lin': 0.0964, 'P_gam': 0.094, 'KA_cfd_aerosol_exposure': 0.5033}, '3': {'M0': 0.0071, 'CRR2': 0.035, 'CRR3': 0.077, 'P': 0.0273, 'P_lin': 0.0281, 'P_gam': 0.0265, 'KA_cfd_aerosol_exposure': 0.2529}, '4': {'M0': 0.0012, 'CRR2': 0.0105, 'CRR3': 0.0308, 'P': 0.0074, 'P_lin': 0.0078, 'P_gam': 0.007, 'KA_cfd_aerosol_exposure': 0.1257}, '5': {'M0': 0.0002, 'CRR2': 0.003, 'CRR3': 0.0119, 'P': 0.0019, 'P_lin': 0.002, 'P_gam': 0.0017, 'KA_cfd_aerosol_exposure': 0.0611}}

pooled:
   P {'M0': (7.873, 0.0), 'CRR2': (-0.8, 0.23334), 'CRR3': (-0.78, 0.04527)}
   P_lin {'M0': (9.081, 0.0), 'CRR2': (0.408, 0.10123), 'CRR3': (0.429, 0.02863)}
   P_gam {'M0': (6.664, 0.0), 'CRR2': (-2.009, 0.38997), 'CRR3': (-1.989, 0.06646)}
   S-form (K-B for T2, T5) {'M0': (7.314, 0.0), 'CRR2': (-1.359, 0.31577), 'CRR3': (-1.339, 0.05787)}
   M2cal_mode (T2,T1,T5,C1 only) {'M0': (-1.483, 0.00033), 'CRR2': (-9.109, 0.29178), 'CRR3': (-8.572, 0.71452)}
   P (T2,T1,T5,C1 only) {'M0': (6.979, 1e-05), 'CRR2': (-0.646, 0.21036), 'CRR3': (-0.109, 0.03058)}
   CRR2 vs M0 {'M0': (8.673, 1e-05)}
   CRR3 vs M0 {'M0': (8.653, 1e-05)}
   per event P: {'M0': {'T2': -0.05, 'T1': 0.09, 'T5': 4.46, 'C1': 2.47, 'R1': 0.89}, 'CRR2': {'T2': 0.42, 'T1': -0.63, 'T5': -0.1, 'C1': -0.34, 'R1': -0.15}, 'CRR3': {'T2': 1.15, 'T1': 0.7, 'T5': -1.37, 'C1': -0.59, 'R1': -0.67}}
crr best {'rho': 2.4000000000000012, 'loglik': -9.08582654912409, 'loglik_P': -10.303006591421099, 'loglik_M0': -18.175925147288456}

seat level {
 "T2": {
  "M0": -17.630573663547988,
  "KA_nonoise": -17.39444042635975,
  "P": -17.37713099489271,
  "KB": -17.69132599104128,
  "KA_measured_points": -17.599208908930336,
  "delta_KA_nonoise": 0.23613323718823764,
  "delta_P": 0.2534426686552784,
  "delta_KB": -0.06075232749329018,
  "delta_KA_measured_points": 0.03136475461765187
 },
 "T3": {
  "M0": -4.653960350157523,
  "KA_nonoise": -4.522256764702972,
  "P": -4.522086518493074,
  "n": 15,
  "s4_cases": {
   "1B": 0.78,
   "5A": 0.68
  },
  "rank_of_cases": [
   3,
   4
  ],
  "delta_KA_nonoise": 0.1317035854545514,
  "delta_P": 0.131873831664449
 },
 "T5": {
  "M0": -11.74379906234635,
  "KA_5L": -16.00124104761837,
  "KA_5A_mirrored": -6.237822127127409,
  "P": -6.9309117917040695,
  "KB": -7.492516189408629,
  "delta_KA_5L": -4.257441985272022,
  "delta_KA_5A_mirrored": 5.505976935218941,
  "delta_P": 4.81288727064228,
  "delta_KB": 4.25128287293772
 }
}

T4: {'P': {'loglik': -426.422, 'deviance': 112.828, 'p_boot': 0.0, 'p_chi2_df21': 0.0, 'delta_vs_M0': 7.669}, 'KB_end_release': {'loglik': -418.91, 'deviance': 102.806, 'p_boot': 0.0, 'p_chi2_df21': 0.0, 'delta_vs_M0': 15.181}, 'M2cal_mode': {'loglik': -407.983, 'deviance': 72.304, 'p_boot': 0.0, 'p_chi2_df21': 0.0, 'delta_vs_M0': 26.108}, 'M0': {'loglik': -434.091, 'deviance': 125.612, 'p_boot': 0.0, 'p_chi2_df21': 0.0, 'delta_vs_M0': 0.0}, 'CRR2': {'loglik': -412.039, 'deviance': 81.506, 'p_boot': 0.0, 'p_chi2_df21': 0.0, 'delta_vs_M0': 22.053}, 'CRR3': {'loglik': -403.314, 'deviance': 64.058, 'p_boot': 0.0, 'p_chi2_df21': 0.0, 'delta_vs_M0': 30.777}}
row profile {
 "0": {
  "k": 50.0,
  "n": 6703.0,
  "rate_pct": 0.7459346561241236,
  "P": 14.558183763645555,
  "KB_end_release": 15.710832379391006,
  "M2cal_mode": 21.19298302439492,
  "M0": 13.198270696002053,
  "CRR2": 24.092356978213026,
  "CRR3": 33.23722033248694
 },
 "1": {
  "k": 33.0,
  "n": 22857.0,
  "rate_pct": 0.14437590234938968,
  "P": 48.30509039934467,
  "KB_end_release": 51.32006217084232,
  "M2cal_mode": 68.76557461170968,
  "M0": 45.00565020118141,
  "CRR2": 41.07705530740079,
  "CRR3": 37.77926028841087
 },
 "2": {
  "k": 40.0,
  "n": 21638.0,
  "rate_pct": 0.18485996857380535,
  "P": 41.743226872482396,
  "KB_end_release": 40.82771052561174,
  "M2cal_mode": 33.06100914973349,
  "M0": 42.605427617498506,
  "CRR2": 38.886350909635496,
  "CRR3": 35.76443252048101
 },
 "3": {
  "k": 15.0,
  "n": 18888.0,
  "rate_pct": 0.07941550190597205,
  "P": 33.393498964527375,
  "KB_end_release": 30.141394924154945,
  "M2cal_mode": 14.980433214161899,
  "M0": 37.19065148531804,
  "CRR2": 33.94423680475068,
  "CRR3": 31.219086858621186
 }
}

O1: {
 "z_obs": -0.6446890615083238,
 "case_case_pairs": 91.0,
 "null_mean": 94.58630313439244,
 "null_sd": 5.562841606156417,
 "models": {
  "P": {
   "P_le_obs_pooled": 0.10097608797578961,
   "P_le_obs_equal_weight": 0.10033621258109707,
   "int95": [
    -1.3587192101535435,
    3.485329795657747
   ],
   "median": 0.7846774856805108,
   "inside95": true,
   "n": 23461,
   "n_draws": 60,
   "draws_with_P_gt_0025": 60
  },
  "M0": {
   "P_le_obs_pooled": 0.2575534266764923,
   "P_le_obs_equal_weight": 0.25770424163153655,
   "int95": [
    -1.8758443145365662,
    1.9818920510065992
   ],
   "median": -0.03454961947534613,
   "inside95": true,
   "n": 8142,
   "n_draws": 20,
   "draws_with_P_gt_0025": 20
  },
  "KB_Dx2": {
   "P_le_obs_pooled": 0.15108737123235405,
   "P_le_obs_equal_weight": 0.1509180219034963,
   "int95": [
    -1.5596618902637325,
    2.7808672499128435
   ],
   "median": 0.45140950519342854,
   "inside95": true,
   "n": 23589,
   "n_draws": 60,
   "draws_with_P_gt_0025": 60
  },
  "KB_Dhalf": {
   "P_le_obs_pooled": 0.050018138944313444,
   "P_le_obs_equal_weight": 0.04925400382746517,
   "int95": [
    -1.0071696155084755,
    4.617058234197382
   ],
   "median": 1.3869635750976375,
   "inside95": true,
   "n": 22052,
   "n_draws": 60,
   "draws_with_P_gt_0025": 47
  }
 }
}

DECISION {'D1_failures': ['T4'], 'R1_p_by_K': {'2': 0.09517231868733671, '3': 0.027277390333366514, '4': 0.007397272167472195, '5': 0.0018873679373136952}, 'D2': True, 'D3': False, 'outcome': 'S4'} competitors: {'M0': ['T5', 'C1', 'R1', 'T4'], 'CRR2': ['T4'], 'CRR3': ['T4']}
== done s04_evaluate 4.2 s
== s05_descriptive
{
 "D_table": [
  {
   "enclosure": "coach (Ou 2022, ethane, 8 points)",
   "D_phys": 1258.9254117941675,
   "lo": 707.945784384138,
   "hi": 100000.0,
   "kappa_tracer": 6.5,
   "D_outbreak_alone": 6310.0,
   "D_calibrated": 25.1,
   "event": "T2 coach",
   "mixing_length_m": 13.916926118353796,
   "D_phys_m2_per_s": 0.3497015032761576
  },
  {
   "enclosure": "wide-body forward cabin (Kinahan 2021, 1 um particles, 2 releases)",
   "D_phys": 281.8382931264453,
   "lo": 112.2018454301963,
   "hi": 707.945784384138,
   "kappa_tracer": 35.0,
   "D_outbreak_alone": 0.1,
   "D_calibrated": 25.1,
   "event": "T5 flight",
   "mixing_length_m": 2.8376967175432224,
   "D_phys_m2_per_s": 0.07828841475734592
  },
  {
   "enclosure": "rail carriage (Woodward 2022, salt aerosol, middle release)",
   "D_phys": 891.2509381337459,
   "lo": 707.945784384138,
   "hi": 1258.9254117941675,
   "kappa_tracer": 13.0,
   "D_outbreak_alone": 25.1,
   "D_calibrated": 25.1,
   "event": "T4 trains",
   "mixing_length_m": 8.279961622605905,
   "D_phys_m2_per_s": 0.24756970503715164
  },
  {
   "enclosure": "rail carriage, end release",
   "D_phys": 354.8133892335753,
   "lo": 177.82794100389228,
   "hi": 562.341325190349,
   "kappa_tracer": 13.0,
   "D_outbreak_alone": 25.1,
   "D_calibrated": 25.1,
   "event": "T4 trains",
   "mixing_length_m": 5.224302597797331,
   "D_phys_m2_per_s": 0.09855927478710426
  },
  {
   "enclosure": "classroom 429 m3 (Cheng 2011 relation, 2-12 ACH)",
   "D_phys": 169.16169779237853,
   "lo": 38.4,
   "hi": 745.2,
   "kappa_tracer": null,
   "D_outbreak_alone": null,
   "D_calibrated": 0.5,
   "event": "C1 classroom"
  },
  {
   "enclosure": "open-plan office wing (Cheng 2011 relation, 1-6 ACH)",
   "D_phys": 185.20029697600378,
   "lo": 45.55,
   "hi": 753.0,
   "kappa_tracer": null,
   "D_outbreak_alone": null,
   "D_calibrated": 0.5,
   "event": "O1 call centre"
  }
 ],
 "R1_tracer": {
  "near_mean": 0.86,
  "remote_mean": 0.5530769230769231,
  "remote_min": 0.32,
  "remote_max": 0.86,
  "aerosol_near_mean": 0.6833333333333332,
  "aerosol_remote_mean": 0.11923076923076924
 },
 "dose_ratio_needed": {
  "T2": {
   "dose_ratio_needed": 1.0287102962682035,
   "risk_ratio_obs": 1.026315789473684,
   "rr_predicted_P": 1.2852463314361295
  },
  "T1": {
   "dose_ratio_needed": 1.7954343183662802,
   "risk_ratio_obs": 1.6026936026936027,
   "rr_predicted_P": 1.0326545517338939
  },
  "T5": {
   "dose_ratio_needed": 18.609157000072017,
   "risk_ratio_obs": 7.333333333333333,
   "rr_predicted_P": 1.659967427215376
  },
  "C1": {
   "dose_ratio_needed": 4.783271061516858,
   "risk_ratio_obs": 2.8000000000000003,
   "rr_predicted_P": 1.7685221411358318
  }
 },
 "implied_emission_quanta_per_h": {
  "T1 bus": [
   99.23848275335577,
   120.32977588333912,
   192.06767752331362
  ],
  "T2 coach": [
   29.27038096561751,
   37.87948689481941,
   48.99191118134948
  ],
  "T5 flight (K-B)": [
   963.3684028780352,
   1059.668442295685,
   1262.9131085657914
  ],
  "C1 classroom": [
   172.87099506283184,
   317.4820983376725,
   642.2485633404862
  ]
 }
}
== done s05_descriptive 0.1 s
01_kernels.json 0 []
02_predictions.json 0 []
03_power.json 0 []
04_evaluation.json 0 []
05_descriptive.json 0 []
