D=1 layout 0 done [3 s]
D=1 layout 1 done [6 s]
D=1 layout 2 done [9 s]
D=1 layout 3 done [12 s]
D=1 layout 4 done [14 s]
D=1 layout 5 done [17 s]
D=1 layout 6 done [20 s]
D=1 layout 7 done [23 s]
D=1 layout 8 done [25 s]
D=1 layout 9 done [28 s]
D=1 layout 10 done [31 s]
D=1 layout 11 done [34 s]
D=1 layout 12 done [37 s]
D=1 layout 13 done [40 s]
D=1 layout 14 done [43 s]
D=1 layout 15 done [46 s]
D=1 layout 16 done [49 s]
D=1 layout 17 done [53 s]
D=1 layout 18 done [55 s]
D=1 layout 19 done [59 s]
D=1 layout 20 done [62 s]
D=1 layout 21 done [64 s]
D=1 layout 22 done [67 s]
D=1 layout 23 done [70 s]
D=1 layout 24 done [74 s]
D=1 layout 25 done [77 s]
D=1 layout 26 done [80 s]
D=1 layout 27 done [83 s]
D=1 layout 28 done [86 s]
D=1 layout 29 done [89 s]
D=1 layout 30 done [92 s]
D=1 layout 31 done [95 s]
D=1 layout 32 done [98 s]
D=1 layout 33 done [101 s]
D=1 layout 34 done [105 s]
D=1 layout 35 done [108 s]
D=1 layout 36 done [111 s]
D=1 layout 37 done [114 s]
D=1 layout 38 done [117 s]
D=1 layout 39 done [120 s]
rhoB=0.00|FD {'attack': (0.609, 0.005), 'p_major': (0.6985, 0.005), 'attack_major': (0.8646, 0.0016), 'peak_major': (0.2715, 0.0025), 'peak_day_major': (21.5002, 0.1695), 'R0': (4.2857, 0.0), 'R1_centre': (3.0238, 0.0), 'R1_uniform': (2.9151, 0.0), 'realised': (0.0, 0.0)}
rhoB=0.00|DD {'attack': (0.609, 0.005), 'p_major': (0.6985, 0.005), 'attack_major': (0.8646, 0.0016), 'peak_major': (0.2715, 0.0025), 'peak_day_major': (21.5002, 0.1695), 'R0': (4.2857, 0.0), 'R1_centre': (3.0238, 0.0), 'R1_uniform': (2.9151, 0.0), 'realised': (0.0, 0.0)}
rhoB=0.10|FD {'attack': (0.5691, 0.0061), 'p_major': (0.6882, 0.0053), 'attack_major': (0.8185, 0.0035), 'peak_major': (0.2468, 0.0032), 'peak_day_major': (22.3135, 0.2362), 'R0': (4.2857, 0.0), 'R1_centre': (2.9411, 0.0089), 'R1_uniform': (2.8287, 0.0019), 'realised': (0.1006, 0.0004)}
rhoB=0.10|DD {'attack': (0.6082, 0.0063), 'p_major': (0.7127, 0.0056), 'attack_major': (0.846, 0.0033), 'peak_major': (0.2637, 0.0033), 'peak_day_major': (21.1697, 0.2344), 'R0': (4.765, 0.0019), 'R1_centre': (3.1606, 0.0104), 'R1_uniform': (3.0318, 0.0027), 'realised': (0.1006, 0.0004)}
rhoB=0.30|FD {'attack': (0.3859, 0.0136), 'p_major': (0.6246, 0.0095), 'attack_major': (0.5987, 0.0152), 'peak_major': (0.1755, 0.0043), 'peak_day_major': (22.4275, 0.2198), 'R0': (4.2857, 0.0), 'R1_centre': (2.7985, 0.034), 'R1_uniform': (2.6932, 0.0171), 'realised': (0.3519, 0.0089)}
rhoB=0.30|DD {'attack': (0.5239, 0.0187), 'p_major': (0.7272, 0.0108), 'attack_major': (0.705, 0.0174), 'peak_major': (0.2197, 0.0067), 'peak_day_major': (20.2758, 0.3448), 'R0': (6.6769, 0.1215), 'R1_centre': (3.6931, 0.0887), 'R1_uniform': (3.5114, 0.0658), 'realised': (0.3519, 0.0089)}
diff rhoB=0.10|FD {'attack': (-0.04, 0.0031), 'p_major': (-0.0103, 0.0033), 'attack_major': (-0.046, 0.0024), 'peak_major': (-0.0247, 0.0012), 'peak_day_major': (0.8133, 0.119), 'R1_centre': (-0.0826, 0.0089), 'R1_uniform': (-0.0864, 0.0019), 'R0': (-0.0, 0.0)}
diff rhoB=0.10|DD {'attack': (-0.0009, 0.0036), 'p_major': (0.0143, 0.0037), 'attack_major': (-0.0185, 0.0023), 'peak_major': (-0.0079, 0.0014), 'peak_day_major': (-0.3305, 0.1211), 'R1_centre': (0.1368, 0.0104), 'R1_uniform': (0.1168, 0.0027), 'R0': (0.4793, 0.0019)}
diff rhoB=0.30|FD {'attack': (-0.2232, 0.0105), 'p_major': (-0.0739, 0.008), 'attack_major': (-0.2659, 0.0144), 'peak_major': (-0.096, 0.0036), 'peak_day_major': (0.9273, 0.2258), 'R1_centre': (-0.2252, 0.034), 'R1_uniform': (-0.2218, 0.0171), 'R0': (-0.0, 0.0)}
diff rhoB=0.30|DD {'attack': (-0.0851, 0.0152), 'p_major': (0.0288, 0.0085), 'attack_major': (-0.1596, 0.0166), 'peak_major': (-0.0518, 0.0054), 'peak_day_major': (-1.2244, 0.2455), 'R1_centre': (0.6693, 0.0887), 'R1_uniform': (0.5963, 0.0658), 'R0': (2.3912, 0.1215)}
