D=10 layout 0 done [12 s]
D=10 layout 1 done [24 s]
D=10 layout 2 done [35 s]
D=10 layout 3 done [46 s]
D=10 layout 4 done [58 s]
D=10 layout 5 done [70 s]
D=10 layout 6 done [81 s]
D=10 layout 7 done [93 s]
D=10 layout 8 done [105 s]
D=10 layout 9 done [117 s]
D=10 layout 10 done [128 s]
D=10 layout 11 done [140 s]
D=10 layout 12 done [152 s]
D=10 layout 13 done [163 s]
D=10 layout 14 done [175 s]
D=10 layout 15 done [187 s]
D=10 layout 16 done [198 s]
D=10 layout 17 done [210 s]
D=10 layout 18 done [222 s]
D=10 layout 19 done [233 s]
D=10 layout 20 done [245 s]
D=10 layout 21 done [257 s]
D=10 layout 22 done [269 s]
D=10 layout 23 done [280 s]
D=10 layout 24 done [292 s]
D=10 layout 25 done [304 s]
D=10 layout 26 done [316 s]
D=10 layout 27 done [327 s]
D=10 layout 28 done [338 s]
D=10 layout 29 done [349 s]
D=10 layout 30 done [360 s]
D=10 layout 31 done [371 s]
D=10 layout 32 done [383 s]
D=10 layout 33 done [394 s]
D=10 layout 34 done [405 s]
D=10 layout 35 done [416 s]
D=10 layout 36 done [427 s]
D=10 layout 37 done [438 s]
D=10 layout 38 done [449 s]
D=10 layout 39 done [460 s]
rhoB=0.00|FD {'attack': (0.7435, 0.0032), 'p_major': (0.7568, 0.0033), 'attack_major': (0.9781, 0.0002), 'peak_major': (0.44, 0.0008), 'peak_day_major': (14.3122, 0.0357), 'R0': (4.2857, 0.0), 'R1_centre': (3.9027, 0.0), 'R1_uniform': (3.8944, 0.0), 'realised': (0.0, 0.0)}
rhoB=0.00|DD {'attack': (0.7435, 0.0032), 'p_major': (0.7568, 0.0033), 'attack_major': (0.9781, 0.0002), 'peak_major': (0.44, 0.0008), 'peak_day_major': (14.3122, 0.0357), 'R0': (4.2857, 0.0), 'R1_centre': (3.9027, 0.0), 'R1_uniform': (3.8944, 0.0), 'realised': (0.0, 0.0)}
rhoB=0.10|FD {'attack': (0.7489, 0.0028), 'p_major': (0.7637, 0.0029), 'attack_major': (0.9764, 0.0003), 'peak_major': (0.4321, 0.0007), 'peak_day_major': (14.6542, 0.0571), 'R0': (4.2857, 0.0), 'R1_centre': (3.8666, 0.0012), 'R1_uniform': (3.8533, 0.0012), 'realised': (0.1006, 0.0004)}
rhoB=0.10|DD {'attack': (0.7699, 0.0029), 'p_major': (0.7789, 0.003), 'attack_major': (0.9846, 0.0002), 'peak_major': (0.4624, 0.0007), 'peak_day_major': (13.2625, 0.0517), 'R0': (4.765, 0.0019), 'R1_centre': (4.2528, 0.0024), 'R1_uniform': (4.2366, 0.0024), 'realised': (0.1006, 0.0004)}
rhoB=0.30|FD {'attack': (0.7185, 0.0039), 'p_major': (0.7434, 0.0036), 'attack_major': (0.9617, 0.0014), 'peak_major': (0.387, 0.0033), 'peak_day_major': (16.3601, 0.1614), 'R0': (4.2857, 0.0), 'R1_centre': (3.7491, 0.0101), 'R1_uniform': (3.7101, 0.0096), 'realised': (0.3519, 0.0089)}
rhoB=0.30|DD {'attack': (0.8207, 0.0039), 'p_major': (0.8259, 0.0037), 'attack_major': (0.991, 0.0007), 'peak_major': (0.4885, 0.0062), 'peak_day_major': (11.5277, 0.2177), 'R0': (6.6769, 0.1215), 'R1_centre': (5.4743, 0.0987), 'R1_uniform': (5.3924, 0.0969), 'realised': (0.3519, 0.0089)}
diff rhoB=0.10|FD {'attack': (0.0053, 0.0046), 'p_major': (0.0069, 0.0049), 'attack_major': (-0.0018, 0.0003), 'peak_major': (-0.0079, 0.0009), 'peak_day_major': (0.3421, 0.0464), 'R1_centre': (-0.0362, 0.0012), 'R1_uniform': (-0.0411, 0.0012), 'R0': (-0.0, 0.0)}
diff rhoB=0.10|DD {'attack': (0.0263, 0.0047), 'p_major': (0.0222, 0.0049), 'attack_major': (0.0065, 0.0002), 'peak_major': (0.0224, 0.0009), 'peak_day_major': (-1.0497, 0.0454), 'R1_centre': (0.35, 0.0024), 'R1_uniform': (0.3423, 0.0024), 'R0': (0.4793, 0.0019)}
diff rhoB=0.30|FD {'attack': (-0.025, 0.005), 'p_major': (-0.0134, 0.005), 'attack_major': (-0.0164, 0.0015), 'peak_major': (-0.053, 0.0035), 'peak_day_major': (2.048, 0.156), 'R1_centre': (-0.1536, 0.0101), 'R1_uniform': (-0.1842, 0.0096), 'R0': (-0.0, 0.0)}
diff rhoB=0.30|DD {'attack': (0.0771, 0.0054), 'p_major': (0.0691, 0.0054), 'attack_major': (0.0129, 0.0008), 'peak_major': (0.0485, 0.0062), 'peak_day_major': (-2.7844, 0.206), 'R1_centre': (1.5716, 0.0987), 'R1_uniform': (1.498, 0.0969), 'R0': (2.3912, 0.1215)}
