PRIMARY (re-check kernel)          d0 +14.30 (p 0) dC  -9.20 (pB2 0.91, mirror 2.5e-06) | air d0 +10.22 dC -0.74 (pB2 0.157 mir 0.0668) | V5 fails ['F5', 'P1']
    F5 [12, 11, 30, 87] [3, 4, 1, 6] {'M2': (-7.42, 0.047, [3.78, 2.66, 4.5, 3.06]), 'CRR': (-4.51, 0.6114, [2.66, 2.43, 2.28, 6.63]), 'M0': (-8.69, 0.005, [1.2, 1.1, 3.0, 8.7])}
    F6 [32, 14, 22, 30] [4, 4, 2, 1] {'M2': (-4.84, 0.2973, [5.9, 1.91, 2.01, 1.18]), 'CRR': (-4.56, 0.4143, [5.48, 2.4, 1.32, 1.8]), 'M0': (-6.11, 0.0995, [3.59, 1.57, 2.47, 3.37])}
    F7 [4, 9, 71] [1, 3, 0] {'M2': (-2.93, 0.2125, [0.81, 1.47, 1.72]), 'CRR': (-4.78, 0.0195, [0.44, 1.0, 2.56]), 'M0': (-8.66, 0.0005, [0.19, 0.43, 3.38])}
    F8 [15, 5, 17, 34] [2, 0, 0, 0] {'M2': (-1.2, 1.0, [1.1, 0.28, 0.42, 0.2]), 'CRR': (-1.79, 0.7555, [0.82, 0.27, 0.3, 0.61]), 'M0': (-3.16, 0.1107, [0.42, 0.14, 0.48, 0.96])}
    P1 [9, 17, 22, 30] [5, 12, 1, 2] {'M2': (-15.32, 0.0, [2.92, 4.81, 5.7, 6.57]), 'CRR': (-6.86, 0.1202, [4.05, 7.64, 3.52, 4.79]), 'M0': (-19.4, 0.0, [2.31, 4.36, 5.64, 7.69])}
    post {'air|M2': {'mode': 125.89254117941675, 'q05': 51.713341001877794, 'q50': 127.50985566277838, 'q95': 433.5486770211656}, 'air|CRR': {'mode': 3.1622776601683795, 'q05': 1.6079016684077894, 'q50': 2.9016518956402613, 'q95': 5.315059617906887}, 'room|M2': {'mode': 794.3282347242813, 'q05': 305.2244147146894, 'q50': 843.069029005003, 'q95': 4526.1608776450375}, 'room|CRR': {'mode': 3.548133892335755, 'q05': 1.8320627449205333, 'q50': 3.214225685876985, 'q95': 5.525722228738196}}
    max loglik {'air': {'M0': -19.89559464471641, 'CRR': -15.036138260498207, 'M2': -13.304386755595843}, 'room': {'M0': -16.22703278176542, 'CRR': -9.884209213738249, 'M2': -13.026133772423467}}
POWER all: {"crit_B1": -2.0842242028340063, "crit_B2": 0.17914583860001354, "crit_mirror": -0.1970798316438687, "M0": {"P_B1": 0.0140475, "P_B2": 0.167235, "P_B1B2": 0.009995, "P_mirror": 0.787305, "P_B3_all": 0.178225, "P_V1": 0.0072, "P_V5": 0.3801225, "P_V3": 0.0031625, "P_V4": 0.6062475}, "CRR": {"P_B1": 0.727135, "P_B2": 0.05, "P_B1B2": 0.047625, "P_mirror": 0.93641, "P_B3_all": 0.3011775, "P_V1": 0.037175, "P_V5": 0.251385, "P_V3": 0.51156, "P_V4": 0.17836}, "M2": {"P_B1": 0.9816725, "P_B2": 0.9361675, "P_B1B2": 0.92681, "P_mirror": 0.05, "P_B3_all": 0.80637, "P_V1": 0.761345, "P_V5": 0.016175, "P_V3": 0.04043, "P_V4": 0.0171975}}
POWER air: {"crit_B1": -1.973020990532681, "crit_B2": 0.8296615575356167, "crit_mirror": -1.1030768441028513, "M0": {"P_B1": 0.01506, "P_B2": 0.00717, "P_B1B2": 0.0034575, "P_mirror": 0.94358}, "CRR": {"P_B1": 0.6017125, "P_B2": 0.05, "P_B1B2": 0.049745, "P_mirror": 0.8037175}, "M2": {"P_B1": 0.9804175, "P_B2": 0.823305, "P_B1B2": 0.822225, "P_mirror": 0.05}}
vs exact CRR (p_near = rho q)      d0 +14.30 (p 0) dC  -7.19 (pB2 0.871, mirror 2.5e-05) | air d0 +10.22 dC -0.56 (pB2 0.136 mir 0.0746) | V5 fails ['F5', 'P1']
CRR near<=1row / P1<=4m            d0 +14.30 (p 0) dC +10.01 (pB2 0, mirror 0.703) | air d0 +10.22 dC +7.82 (pB2 2.75e-05 mir 0.614) | V5 fails ['F5', 'P1']
CRR near<=5rows / P1<=12m          d0 +14.30 (p 0) dC  +1.54 (pB2 0.0333, mirror 0.287) | air d0 +10.22 dC +2.18 (pB2 0.0161 mir 0.646) | V5 fails ['F5', 'P1']
CRR fixed rho=2.4 (grid 2.40)      d0 +14.30 (p 0) dC  -4.21 (pB2 0.449, mirror 0.00213) | air d0 +10.22 dC +0.87 (pB2 0.0376 mir 0.145) | V5 fails ['F5', 'P1']
generic EXP kernel as TARGET vs CRR d0 +18.02 (p 0) dC  -5.48 (pB2 0.713, mirror 0.00046) | air d0 +9.91 dC -1.06 (pB2 0.183 mir 0.052) | V5 fails ['F5', 'P1']
    EXP air posterior ell (m): {'mode': 2.51188643150958, 'q05': 1.6044725893806053, 'q50': 2.5658137780569468, 'q95': 5.701955819637106}
M2 vs generic EXP kernel           d0 +14.30 (p 0) dC  -3.72 (pB2 0.978, mirror 0.000315) | air d0 +10.22 dC +0.31 (pB2 0.102 mir 0.839) | V5 fails ['F5', 'P1']
generic ROW kernel as TARGET vs CRR d0 +17.87 (p 0) dC  -5.63 (pB2 0.796, mirror 0.000282) | air d0 +9.76 dC -1.21 (pB2 0.246 mir 0.0526) | V3 fails ['P1']
    ROW air posterior ell (m): {'mode': 3.1622776601683795, 'q05': 1.9495624750510296, 'q50': 3.107083006062284, 'q95': 6.943612828859485}
M2 vs generic ROW kernel           d0 +14.30 (p 0) dC  -3.57 (pB2 0.972, mirror 0.000398) | air d0 +10.22 dC +0.46 (pB2 0.0618 mir 0.884) | V5 fails ['F5', 'P1']
S-swap                             d0  +5.90 (p 0) dC  -0.22 (pB2 0.00837, mirror 0.00537) | air d0 +6.46 dC +3.62 (pB2 0.00369 mir 0.504) | V3 fails ['W2']
    F1 {'M2': (-5.67, 0.3758), 'CRR': (-8.0, 0.0324), 'M0': (-9.59, 0.0051)}
    F2 {'M2': (-2.2, 0.2118), 'CRR': (-1.17, 1.0), 'M0': (-4.64, 0.0104)}
    F3 {'M2': (-1.25, 1.0), 'CRR': (-1.2, 0.6536), 'M0': (-2.38, 0.4549)}
    F4 {'M2': (-4.31, 0.2339), 'CRR': (-6.68, 0.0184), 'M0': (-3.29, 0.9626)}
    W1 {'M2': (-0.85, 1.0), 'CRR': (-1.93, 0.4798), 'M0': (-6.58, 0.0031)}
    W2 {'M2': (-15.95, 0.0), 'CRR': (-11.02, 0.0002), 'M0': (-9.65, 0.0013)}
LOO air: d0 +15.37 dC +0.02 {'F1': (1.83, 0.375), 'F2': (-0.77, 0.2), 'F3': (0.1, 1.0), 'F4': (1.51, 0.125), 'F5': (-3.81, 0.026), 'F6': (-0.11, 0.313), 'F7': (1.0, 0.084), 'F8': (0.27, 1.0)}
per-event D: {'F1': (125.893, 39.811, 794.3, 4.17, 2.84), 'F2': (15.849, 0.01, 316.2, 3.56, 3.6), 'F3': (0.01, 0.01, 794.3, 2.38, 1.42), 'F4': (10000.0, 100.0, 10000.0, 0.01, 0.0), 'F5': (501.187, 100.0, 10000.0, 2.06, 4.83), 'F6': (199.526, 39.811, 10000.0, 1.45, 1.68), 'F7': (12.589, 1.0, 125.9, 7.35, 7.83), 'F8': (0.01, 0.01, 631.0, 3.16, 2.55), 'W1': (0.01, 0.01, 398.1, 5.99, 5.01), 'W2': (1995.262, 501.187, 10000.0, 0.53, 3.32), 'P1': (39.811, 15.849, 125.9, 9.94, 15.89)}
heterogeneity: {'air': {'LR': 14.999247886061184, 'df': 7, 'p': 0.03600904696970435, 'D_common': 158.48931924611142}, 'room': {'LR': 17.666375660520394, 'df': 2, 'p': 0.00014581267175591515, 'D_common': 316.22776601683796}, 'air_covid': {'LR': 7.855612237983308, 'df': 3, 'p': 0.04909194707814417, 'D_common': 158.48931924611142}}
round-1 T4 keys: ['variant', 'logD', 'kappa_nodes', 'cells', 'mask', 'row_pitch', 'n_cells', 'M0', 'M1', 'M2', 'logL_saturated']
M2 D prior 1..1000                 d0 +14.81 (p 0) dC  -8.69 (pB2 0.89, mirror 0) | air d0 +10.24 dC -0.72 (pB2 0.15 mir 0.0639) | V5 fails ['F5', 'P1']
M2 D prior 10..10000               d0 +14.30 (p 0) dC  -9.20 (pB2 0.91, mirror 2.5e-06) | air d0 +10.22 dC -0.74 (pB2 0.157 mir 0.0668) | V5 fails ['F5', 'P1']
S-hh (F5 households collapsed)     d0 +16.41 (p 0) dC  -7.22 (pB2 0.804, mirror 6e-05) | air d0 +12.33 dC +1.24 (pB2 0.0424 mir 0.267) | V3 fails ['P1']
    F5hh [12, 10, 30, 84] [3, 3, 1, 3] {'M2': (-5.26, 0.252), 'CRR': (-4.34, 0.5316), 'M0': (-8.64, 0.0031)}
W1 exact bed assignments           d0 +14.43 (p 0) dC  -9.07 (pB2 0.907, mirror 2.5e-06) | air d0 +10.22 dC -0.74 (pB2 0.157 mir 0.0668) | V5 fails ['F5', 'P1']
S-noW2                             d0 +18.07 (p 0) dC  -7.63 (pB2 0.361, mirror 2.5e-05) | air d0 +10.22 dC -0.74 (pB2 0.157 mir 0.0668) | V5 fails ['F5', 'P1']
room calibrated on W2 only         d0 +12.79 (p 0) dC  -9.89 (pB2 0.952, mirror 0) | air d0 +10.22 dC -0.74 (pB2 0.157 mir 0.0668) | V5 fails ['F5', 'P1']
near/far: {'F1': (9, 29, 9, 82), 'F2': (4, 13, 2, 55), 'F3': (3, 67, 0, 40), 'F4': (5, 126, 4, 90), 'F5': (7, 23, 7, 117), 'F6': (8, 46, 3, 52), 'F7': (4, 13, 0, 71), 'F8': (2, 20, 0, 51), 'W1': (7, 11, 0, 8), 'W2': (13, 20, 17, 54), 'P1': (17, 26, 3, 52)}
RR: {"all": {"RR_re": 3.977988167964411, "lo": 2.320660385065125, "hi": 6.81891670418667, "RR_fe": 3.1592405177987075, "Q": 18.925131058602535, "df": 10, "pQ": 0.04122400108721519}, "air": {"RR_re": 3.7466768263036787, "lo": 2.00604119896371, "hi": 6.997656502774025, "RR_fe": 3.5115382355592097, "Q": 10.341735651328403, "df": 7, "pQ": 0.1700204873746374}, "covid": {"RR_re": 6.657888588795095, "lo": 3.377721399856657, "hi": 13.123486283590209, "RR_fe": 6.492849805747756, "Q": 4.642009340566108, "df": 4, "pQ": 0.32603931015050525}, "sars1": {"RR_re": 2.3425517211297975, "lo": 1.5287418514624356, "hi": 3.5895848346917694, "RR_fe": 2.3425517211297975, "Q": 1.691759142355894, "df": 2, "pQ": 0.4291796980530248}, "flu": {"RR_re": 1.1455960736140691, "lo": 0.3525180732603509, "hi": 3.7229023514794677, "RR_fe": 1.1455960736140691, "Q": 0.8955695694290386, "df": 1, "pQ": 0.3439724568117315}, "tb": {"RR_re": 8.46153846153846, "lo": 1.7321951076476245, "hi": 41.33346920331999, "RR_fe": 8.46153846153846, "Q": 0.0, "df": 0, "pQ": null}, "gradeA": {"RR_re": 4.643056762886155, "lo": 2.566680181056968, "hi": 8.399167244321497, "RR_fe": 4.265712298358622, "Q": 14.334213476440727, "df": 9, "pQ": 0.11092339386275556}}
