wrote ['fig3_scene_maps_en', 'fig3_scene_maps_zh']
wrote ['fig5_1_finite_size_en', 'fig5_1_finite_size_zh']
wrote ['figA_validation_en', 'figA_validation_zh']
wrote ['fig5_5_R_vs_mobility_en', 'fig5_5_R_vs_mobility_zh']
wrote ['fig5_3_scene_epidemic_curves_en', 'fig5_3_scene_epidemic_curves_zh']
wrote ['fig5_4_attack_rate_distributions_en', 'fig5_4_attack_rate_distributions_zh']
wrote ['fig5_2_spatial_pattern_en', 'fig5_2_spatial_pattern_zh']
wrote ['figS_spatial_pattern_office_D10_en', 'figS_spatial_pattern_office_D10_zh']
wrote ['figS_spatial_pattern_supermarket_D1_en', 'figS_spatial_pattern_supermarket_D1_zh']
wrote ['figS_spatial_pattern_supermarket_D10_en', 'figS_spatial_pattern_supermarket_D10_zh']
wrote ['figS_spatial_pattern_classroom_D1_en', 'figS_spatial_pattern_classroom_D1_zh']
wrote ['figS_spatial_pattern_classroom_D10_en', 'figS_spatial_pattern_classroom_D10_zh']
wrote ['figS_spatial_pattern_metro_D1_en', 'figS_spatial_pattern_metro_D1_zh']
wrote ['figS_spatial_pattern_metro_D10_en', 'figS_spatial_pattern_metro_D10_zh']
wrote ['fig4_heterogeneity_en', 'fig4_heterogeneity_zh']
wrote ['fig6_3_obstacle_scan_en', 'fig6_3_obstacle_scan_zh']
wrote ['fig6_1_obstacle_curves_en', 'fig6_1_obstacle_curves_zh']
wrote ['fig6_2_spatial_spread_en', 'fig6_2_spatial_spread_zh']
wrote ['fig6_4_occupancy_en', 'fig6_4_occupancy_zh']
wrote ['fig5_6_metro_time_dependence_en', 'fig5_6_metro_time_dependence_zh']
wrote ['fig4_benchmark_theory_vs_mc_en', 'fig4_benchmark_theory_vs_mc_zh']
wrote ['fig4_meanfield_validity_map_en', 'fig4_meanfield_validity_map_zh']
