== Thm 1 ==
instances 600: max|s(M+bQ/R0-g)| = 2.08e-14; sign failures 0; Laplace-vs-resolvent max rel err 1.22e-14
== Thm 1' / Cor 1.3 ==
Rayleigh vs NGM rel err 1.64e-14; asym of Pi^-1/2 M Pi^1/2 5.68e-13; max rel (diag modal max - R0) -8.07e-11; Galerkin non-monotone 0; full basis err 1.50e-13
== Thm 2 ==
max rel violation lower 9.40e-16, upper -9.40e-16; lambda1 bounds violation 5.55e-17, -5.55e-17; min normalised lower gap 3.10e-04; min upper gap 1.26e-04; const q err 1.26e-14
adversarial min of R0/(b<q>/g)-1 over nonreversible M, q (Nelder-Mead, 60 starts): -6.110e-02  (must be >= 0)
== Thm 3 ==
max rel increase of R0 in D -1.78e-12; strict-decrease failures (mid-range) 0; D->inf err 3.42e-04; D->0 err 1.00e-08; lambda1 convexity/monotone violation -1.90e-12
adversarial max of R0(D2)-R0(D1), D2>D1, nonreversible (80 starts): 5.201e-04  (must be <= 0)
== Prop 3.3 ==
large-D error ratio per decade: median 99.9 [77.4,119.0] n=300; small-D: median 99.5 [97.8,100.4] n=300; C<0 count 0; sym closed form diff 1.81e-14
== Prop 3.4 / Thm 3.5 ==
zone bound: 1800 zones, max rel violation -1.81e-03
edge monotonicity (symmetric): 1200 trials, max increase 1.42e-14
departure rule, raise D at one cell: R0 up 191, down 109 of 300
== Thm 4 ==
(a) uniform q: rel err 1.53e-14; offspring number n(s) const err 1.57e-14
Traceback (most recent call last):
  File "research/bsc_theory/verify/v1_theorems.py", line 275, in <module>
    lim = max(lim, abs(mu_big - mu_abs) / max(mu_abs, 1e-12)); assert mu_big <= mu_abs * (1 + 1e-9) + 1e-12
                                                                      ^^^^^^^^^^^^^^^^^^^^^^^^^^^^^^^^^^^^^
AssertionError
